  Determining projects to restore...
  All projects are up-to-date for restore.
  UmbralEmpires.Core -> C:\Users\james\source\repos\jamesphenry\UmbralEmpires\src\UmbralEmpires.Core\bin\Debug\net9.0\UmbralEmpires.Core.dll
  UmbralEmpires.Application -> C:\Users\james\source\repos\jamesphenry\UmbralEmpires\src\UmbralEmpires.Application\bin\Debug\net9.0\UmbralEmpires.Application.dll
  UmbralEmpires.Infrastructure -> C:\Users\james\source\repos\jamesphenry\UmbralEmpires\src\UmbralEmpires.Infrastructure\bin\Debug\net9.0\UmbralEmpires.Infrastructure.dll
  UmbralEmpires.Tests -> C:\Users\james\source\repos\jamesphenry\UmbralEmpires\tests\UmbralEmpires.Tests\bin\Debug\net9.0\UmbralEmpires.Tests.dll
Test run for C:\Users\james\source\repos\jamesphenry\UmbralEmpires\tests\UmbralEmpires.Tests\bin\Debug\net9.0\UmbralEmpires.Tests.dll (.NETCoreApp,Version=v9.0)
VSTest version 17.13.0 (x64)

Starting test execution, please wait...
A total of 1 test files matched the specified pattern.
dotnet : [xUnit.net 00:00:00.18]     
UmbralEmpires.Tests.DataLoading.UnitDefinitionLoadingTests.Should_Skip_Unit_With_Missing_WeaponType [FAIL]
At line:1 char:1
+ dotnet test > test.log 2>&1
+ ~~~~~~~~~~~~~~~~~~~~~~~~~~~
    + CategoryInfo          : NotSpecified: ([xUnit.net 00:0...aponType [FAIL]:String) [], RemoteException
    + FullyQualifiedErrorId : NativeCommandError
 
[xUnit.net 00:00:00.18]     
UmbralEmpires.Tests.DataLoading.UnitDefinitionLoadingTests.Should_Skip_Unit_With_Null_Entry_In_RequiresTechnology 
[FAIL]
[xUnit.net 00:00:00.18]     
UmbralEmpires.Tests.DataLoading.UnitDefinitionLoadingTests.Should_Skip_Unit_With_Duplicate_RequiredTechnology_TechIds 
[FAIL]
[xUnit.net 00:00:00.18]     
UmbralEmpires.Tests.DataLoading.UnitDefinitionLoadingTests.Should_Skip_Unit_With_Negative_Hangar [FAIL]
[xUnit.net 00:00:00.18]     
UmbralEmpires.Tests.DataLoading.UnitDefinitionLoadingTests.Should_Skip_Unit_With_Unknown_DriveType [FAIL]
[xUnit.net 00:00:00.18]     
UmbralEmpires.Tests.DataLoading.UnitDefinitionLoadingTests.Should_Skip_Unit_With_Invalid_RequiredTechnology_Level 
[FAIL]
[xUnit.net 00:00:00.18]     
UmbralEmpires.Tests.DataLoading.UnitDefinitionLoadingTests.Should_Skip_Unit_With_Negative_Armour [FAIL]
  Failed UmbralEmpires.Tests.DataLoading.UnitDefinitionLoadingTests.Should_Skip_Unit_With_Missing_WeaponType [73 ms]
  Error Message:
   Expected result.Units to be a collection with 1 item(s), but found an empty collection.

With configuration:
- Prefer the declared type of the members
- Compare enums by value
- Compare tuples by their properties
- Compare anonymous types by their properties
- Compare records by their members
- Include non-browsable members
- Include all non-private properties
- Include all non-private fields
- Match member by name (or throw)
- Always be strict about the collection order
- Without automatic conversion.

  Stack Trace:
     at FluentAssertions.Execution.LateBoundTestFramework.Throw(String message)
   at FluentAssertions.Execution.CollectingAssertionStrategy.ThrowIfAny(IDictionary`2 context)
   at FluentAssertions.Execution.AssertionScope.Dispose()
   at FluentAssertions.Equivalency.EquivalencyValidator.AssertEquality(Comparands comparands, EquivalencyValidationContext context)
   at FluentAssertions.Equivalency.EquivalencyValidator.AssertEquality(Comparands comparands, EquivalencyValidationContext context)
   at FluentAssertions.Collections.GenericCollectionAssertions`3.BeEquivalentTo[TExpectation](IEnumerable`1 expectation, Func`2 config, String because, Object[] becauseArgs)
   at UmbralEmpires.Tests.DataLoading.UnitDefinitionLoadingTests.Should_Skip_Unit_With_Missing_WeaponType() in C:\Users\james\source\repos\jamesphenry\UmbralEmpires\tests\UmbralEmpires.Tests\DataLoading\UnitDefinitionLoadingTests.cs:line 450
   at System.RuntimeMethodHandle.InvokeMethod(Object target, Void** arguments, Signature sig, Boolean isConstructor)
   at System.Reflection.MethodBaseInvoker.InvokeWithNoArgs(Object obj, BindingFlags invokeAttr)
  Failed UmbralEmpires.Tests.DataLoading.UnitDefinitionLoadingTests.Should_Skip_Unit_With_Null_Entry_In_RequiresTechnology [1 ms]
  Error Message:
   Expected result.Units to be a collection with 1 item(s), but found an empty collection.

With configuration:
- Prefer the declared type of the members
- Compare enums by value
- Compare tuples by their properties
- Compare anonymous types by their properties
- Compare records by their members
- Include non-browsable members
- Include all non-private properties
- Include all non-private fields
- Match member by name (or throw)
- Always be strict about the collection order
- Without automatic conversion.

  Stack Trace:
     at FluentAssertions.Execution.LateBoundTestFramework.Throw(String message)
   at FluentAssertions.Execution.CollectingAssertionStrategy.ThrowIfAny(IDictionary`2 context)
   at FluentAssertions.Execution.AssertionScope.Dispose()
   at FluentAssertions.Equivalency.EquivalencyValidator.AssertEquality(Comparands comparands, EquivalencyValidationContext context)
   at FluentAssertions.Equivalency.EquivalencyValidator.AssertEquality(Comparands comparands, EquivalencyValidationContext context)
   at FluentAssertions.Collections.GenericCollectionAssertions`3.BeEquivalentTo[TExpectation](IEnumerable`1 expectation, Func`2 config, String because, Object[] becauseArgs)
   at UmbralEmpires.Tests.DataLoading.UnitDefinitionLoadingTests.Should_Skip_Unit_With_Null_Entry_In_RequiresTechnology() in C:\Users\james\source\repos\jamesphenry\UmbralEmpires\tests\UmbralEmpires.Tests\DataLoading\UnitDefinitionLoadingTests.cs:line 512
   at System.RuntimeMethodHandle.InvokeMethod(Object target, Void** arguments, Signature sig, Boolean isConstructor)
   at System.Reflection.MethodBaseInvoker.InvokeWithNoArgs(Object obj, BindingFlags invokeAttr)
  Failed UmbralEmpires.Tests.DataLoading.UnitDefinitionLoadingTests.Should_Skip_Unit_With_Duplicate_RequiredTechnology_TechIds [1 ms]
  Error Message:
   Expected result.Units to be a collection with 1 item(s), but found an empty collection.

With configuration:
- Prefer the declared type of the members
- Compare enums by value
- Compare tuples by their properties
- Compare anonymous types by their properties
- Compare records by their members
- Include non-browsable members
- Include all non-private properties
- Include all non-private fields
- Match member by name (or throw)
- Always be strict about the collection order
- Without automatic conversion.

  Stack Trace:
     at FluentAssertions.Execution.LateBoundTestFramework.Throw(String message)
   at FluentAssertions.Execution.CollectingAssertionStrategy.ThrowIfAny(IDictionary`2 context)
   at FluentAssertions.Execution.AssertionScope.Dispose()
   at FluentAssertions.Equivalency.EquivalencyValidator.AssertEquality(Comparands comparands, EquivalencyValidationContext context)
   at FluentAssertions.Equivalency.EquivalencyValidator.AssertEquality(Comparands comparands, EquivalencyValidationContext context)
   at FluentAssertions.Collections.GenericCollectionAssertions`3.BeEquivalentTo[TExpectation](IEnumerable`1 expectation, Func`2 config, String because, Object[] becauseArgs)
   at UmbralEmpires.Tests.DataLoading.UnitDefinitionLoadingTests.Should_Skip_Unit_With_Duplicate_RequiredTechnology_TechIds() in C:\Users\james\source\repos\jamesphenry\UmbralEmpires\tests\UmbralEmpires.Tests\DataLoading\UnitDefinitionLoadingTests.cs:line 394
   at System.RuntimeMethodHandle.InvokeMethod(Object target, Void** arguments, Signature sig, Boolean isConstructor)
   at System.Reflection.MethodBaseInvoker.InvokeWithNoArgs(Object obj, BindingFlags invokeAttr)
  Failed UmbralEmpires.Tests.DataLoading.UnitDefinitionLoadingTests.Should_Skip_Unit_With_Negative_Hangar [1 ms]
  Error Message:
   Expected result.Units to be a collection with 1 item(s), but found an empty collection.

With configuration:
- Prefer the declared type of the members
- Compare enums by value
- Compare tuples by their properties
- Compare anonymous types by their properties
- Compare records by their members
- Include non-browsable members
- Include all non-private properties
- Include all non-private fields
- Match member by name (or throw)
- Always be strict about the collection order
- Without automatic conversion.

  Stack Trace:
     at FluentAssertions.Execution.LateBoundTestFramework.Throw(String message)
   at FluentAssertions.Execution.CollectingAssertionStrategy.ThrowIfAny(IDictionary`2 context)
   at FluentAssertions.Execution.AssertionScope.Dispose()
   at FluentAssertions.Equivalency.EquivalencyValidator.AssertEquality(Comparands comparands, EquivalencyValidationContext context)
   at FluentAssertions.Equivalency.EquivalencyValidator.AssertEquality(Comparands comparands, EquivalencyValidationContext context)
   at FluentAssertions.Collections.GenericCollectionAssertions`3.BeEquivalentTo[TExpectation](IEnumerable`1 expectation, Func`2 config, String because, Object[] becauseArgs)
   at UmbralEmpires.Tests.DataLoading.UnitDefinitionLoadingTests.Should_Skip_Unit_With_Negative_Hangar() in C:\Users\james\source\repos\jamesphenry\UmbralEmpires\tests\UmbralEmpires.Tests\DataLoading\UnitDefinitionLoadingTests.cs:line 231
   at System.RuntimeMethodHandle.InvokeMethod(Object target, Void** arguments, Signature sig, Boolean isConstructor)
   at System.Reflection.MethodBaseInvoker.InvokeWithNoArgs(Object obj, BindingFlags invokeAttr)
  Failed UmbralEmpires.Tests.DataLoading.UnitDefinitionLoadingTests.Should_Skip_Unit_With_Unknown_DriveType [1 ms]
  Error Message:
   Expected result.Units to be a collection with 1 item(s), but found an empty collection.

With configuration:
- Prefer the declared type of the members
- Compare enums by value
- Compare tuples by their properties
- Compare anonymous types by their properties
- Compare records by their members
- Include non-browsable members
- Include all non-private properties
- Include all non-private fields
- Match member by name (or throw)
- Always be strict about the collection order
- Without automatic conversion.

  Stack Trace:
     at FluentAssertions.Execution.LateBoundTestFramework.Throw(String message)
   at FluentAssertions.Execution.CollectingAssertionStrategy.ThrowIfAny(IDictionary`2 context)
   at FluentAssertions.Execution.AssertionScope.Dispose()
   at FluentAssertions.Equivalency.EquivalencyValidator.AssertEquality(Comparands comparands, EquivalencyValidationContext context)
   at FluentAssertions.Equivalency.EquivalencyValidator.AssertEquality(Comparands comparands, EquivalencyValidationContext context)
   at FluentAssertions.Collections.GenericCollectionAssertions`3.BeEquivalentTo[TExpectation](IEnumerable`1 expectation, Func`2 config, String because, Object[] becauseArgs)
   at UmbralEmpires.Tests.DataLoading.UnitDefinitionLoadingTests.Should_Skip_Unit_With_Unknown_DriveType() in C:\Users\james\source\repos\jamesphenry\UmbralEmpires\tests\UmbralEmpires.Tests\DataLoading\UnitDefinitionLoadingTests.cs:line 576
   at System.RuntimeMethodHandle.InvokeMethod(Object target, Void** arguments, Signature sig, Boolean isConstructor)
   at System.Reflection.MethodBaseInvoker.InvokeWithNoArgs(Object obj, BindingFlags invokeAttr)
  Failed UmbralEmpires.Tests.DataLoading.UnitDefinitionLoadingTests.Should_Skip_Unit_With_Invalid_RequiredTechnology_Level [1 ms]
  Error Message:
   Expected result.Units to be a collection with 1 item(s), but found an empty collection.

With configuration:
- Prefer the declared type of the members
- Compare enums by value
- Compare tuples by their properties
- Compare anonymous types by their properties
- Compare records by their members
- Include non-browsable members
- Include all non-private properties
- Include all non-private fields
- Match member by name (or throw)
- Always be strict about the collection order
- Without automatic conversion.

  Stack Trace:
     at FluentAssertions.Execution.LateBoundTestFramework.Throw(String message)
   at FluentAssertions.Execution.CollectingAssertionStrategy.ThrowIfAny(IDictionary`2 context)
   at FluentAssertions.Execution.AssertionScope.Dispose()
   at FluentAssertions.Equivalency.EquivalencyValidator.AssertEquality(Comparands comparands, EquivalencyValidationContext context)
   at FluentAssertions.Equivalency.EquivalencyValidator.AssertEquality(Comparands comparands, EquivalencyValidationContext context)
   at FluentAssertions.Collections.GenericCollectionAssertions`3.BeEquivalentTo[TExpectation](IEnumerable`1 expectation, Func`2 config, String because, Object[] becauseArgs)
   at UmbralEmpires.Tests.DataLoading.UnitDefinitionLoadingTests.Should_Skip_Unit_With_Invalid_RequiredTechnology_Level() in C:\Users\james\source\repos\jamesphenry\UmbralEmpires\tests\UmbralEmpires.Tests\DataLoading\UnitDefinitionLoadingTests.cs:line 366
[xUnit.net 00:00:00.18]     UmbralEmpires.Tests.DataLoading.UnitDefinitionLoadingTests.Should_Skip_Unit_With_Negative_R
equiredShipyard_OrbitalLevel [FAIL]
   at System.RuntimeMethodHandle.InvokeMethod(Object target, Void** arguments, Signature sig, Boolean isConstructor)
   at System.Reflection.MethodBaseInvoker.InvokeWithNoArgs(Object obj, BindingFlags invokeAttr)
  Failed UmbralEmpires.Tests.DataLoading.UnitDefinitionLoadingTests.Should_Skip_Unit_With_Negative_Armour [< 1 ms]
  Error Message:
   Expected result.Units to be a collection with 1 item(s), but found an empty collection.

With configuration:
- Prefer the declared type of the members
- Compare enums by value
- Compare tuples by their properties
- Compare anonymous types by their properties
- Compare records by their members
- Include non-browsable members
- Include all non-private properties
- Include all non-private fields
- Match member by name (or throw)
- Always be strict about the collection order
- Without automatic conversion.

  Stack Trace:
     at FluentAssertions.Execution.LateBoundTestFramework.Throw(String message)
   at FluentAssertions.Execution.CollectingAssertionStrategy.ThrowIfAny(IDictionary`2 context)
   at FluentAssertions.Execution.AssertionScope.Dispose()
   at FluentAssertions.Equivalency.EquivalencyValidator.AssertEquality(Comparands comparands, EquivalencyValidationContext context)
   at FluentAssertions.Equivalency.EquivalencyValidator.AssertEquality(Comparands comparands, EquivalencyValidationContext context)
   at FluentAssertions.Collections.GenericCollectionAssertions`3.BeEquivalentTo[TExpectation](IEnumerable`1 expectation, Func`2 config, String because, Object[] becauseArgs)
   at UmbralEmpires.Tests.DataLoading.UnitDefinitionLoadingTests.Should_Skip_Unit_With_Negative_Armour() in C:\Users\james\source\repos\jamesphenry\UmbralEmpires\tests\UmbralEmpires.Tests\DataLoading\UnitDefinitionLoadingTests.cs:line 181
   at System.RuntimeMethodHandle.InvokeMethod(Object target, Void** arguments, Signature sig, Boolean isConstructor)
   at System.Reflection.MethodBaseInvoker.InvokeWithNoArgs(Object obj, BindingFlags invokeAttr)
  Failed UmbralEmpires.Tests.DataLoading.UnitDefinitionLoadingTests.Should_Skip_Unit_With_Negative_RequiredShipyard_OrbitalLevel [1 ms]
  Error Message:
   Expected result.Units to be a collection with 1 item(s), but found an empty collection.

With configuration:
- Prefer the declared type of the members
- Compare enums by value
- Compare tuples by their properties
- Compare anonymous types by their properties
- Compare records by their members
- Include non-browsable members
- Include all non-private properties
- Include all non-private fields
- Match member by name (or throw)
- Always be strict about the collection order
- Without automatic conversion.

  Stack Trace:
     at FluentAssertions.Execution.LateBoundTestFramework.Throw(String message)
   at FluentAssertions.Execution.CollectingAssertionStrategy.ThrowIfAny(IDictionary`2 context)
   at FluentAssertions.Execution.AssertionScope.Dispose()
   at FluentAssertions.Equivalency.EquivalencyValidator.AssertEquality(Comparands comparands, EquivalencyValidationContext context)
   at FluentAssertions.Equivalency.EquivalencyValidator.AssertEquality(Comparands comparands, EquivalencyValidationContext context)
   at FluentAssertions.Collections.GenericCollectionAssertions`3.BeEquivalentTo[TExpectation](IEnumerable`1 expectation, Func`2 config, String because, Object[] becauseArgs)
   at UmbralEmpires.Tests.DataLoading.UnitDefinitionLoadingTests.Should_Skip_Unit_With_Negative_RequiredShipyard_OrbitalLevel() in C:\Users\james\source\repos\jamesphenry\UmbralEmpires\tests\UmbralEmpires.Tests\DataLoading\UnitDefinitionLoadingTests.cs:line 310
   at System.RuntimeMethodHandle.InvokeMethod(Object target, Void** arguments, Signature sig, Boolean isConstructor)
   at System.Reflection.MethodBaseInvoker.InvokeWithNoArgs(Object obj, BindingFlags invokeAttr)
  Failed UmbralEmpires.Tests.DataLoading.UnitDefinitionLoadingTests.Should_Skip_Unit_With_Invalid_RequiredTechnology_TechId [1 ms]
  Error Message:
   Expected result.Units to be a collection with 1 item(s), but found an empty collection.

With configuration:
- Prefer the declared type of the members
- Compare enums by value
- Compare tuples by their properties
- Compare anonymous types by their properties
- Compare records by their members
- Include non-browsable members
- Include all non-private properties
- Include all non-private fields
- Match member by name (or throw)
- Always be strict about the collection order
- Without automatic conversion.

  Stack Trace:
     at FluentAssertions.Execution.LateBoundTestFramework.Throw(String message)
   at FluentAssertions.Execution.CollectingAssertionStrategy.ThrowIfAny(IDictionary`2 context)
   at FluentAssertions.Execution.AssertionScope.Dispose()
   at FluentAssertions.Equivalency.EquivalencyValidator.AssertEquality(Comparands comparands, EquivalencyValidationContext context)
   at FluentAssertions.Equivalency.EquivalencyValidator.AssertEquality(Comparands comparands, EquivalencyValidationContext context)
   at FluentAssertions.Collections.GenericCollectionAssertions`3.BeEquivalentTo[TExpectation](IEnumerable`1 expectation, Func`2 config, String because, Object[] becauseArgs)
   at UmbralEmpires.Tests.DataLoading.UnitDefinitionLoadingTests.Should_Skip_Unit_With_Invalid_RequiredTechnology_TechId() in C:\Users\james\source\repos\jamesphenry\UmbralEmpires\tests\UmbralEmpires.Tests\DataLoading\UnitDefinitionLoadingTests.cs:line 338
   at System.RuntimeMethodHandle.InvokeMethod(Object target, Void** arguments, Signature sig, Boolean isConstructor)
   at System.Reflection.MethodBaseInvoker.InvokeWithNoArgs(Object obj, BindingFlags invokeAttr)
  Failed UmbralEmpires.Tests.DataLoading.UnitDefinitionLoadingTests.Should_Skip_Unit_With_Negative_Speed [1 ms]
  Error Message:
   Expected result.Units to be a collection with 1 item(s), but found an empty collection.

With configuration:
- Prefer the declared type of the members
- Compare enums by value
- Compare tuples by their properties
- Compare anonymous types by their properties
- Compare records by their members
- Include non-browsable members
- Include all non-private properties
- Include all non-private fields
- Match member by name (or throw)
- Always be strict about the collection order
- Without automatic conversion.

  Stack Trace:
     at FluentAssertions.Execution.LateBoundTestFramework.Throw(String message)
   at FluentAssertions.Execution.CollectingAssertionStrategy.ThrowIfAny(IDictionary`2 context)
   at FluentAssertions.Execution.AssertionScope.Dispose()
   at FluentAssertions.Equivalency.EquivalencyValidator.AssertEquality(Comparands comparands, EquivalencyValidationContext context)
   at FluentAssertions.Equivalency.EquivalencyValidator.AssertEquality(Comparands comparands, EquivalencyValidationContext context)
   at FluentAssertions.Collections.GenericCollectionAssertions`3.BeEquivalentTo[TExpectation](IEnumerable`1 expectation, Func`2 config, String because, Object[] becauseArgs)
   at UmbralEmpires.Tests.DataLoading.UnitDefinitionLoadingTests.Should_Skip_Unit_With_Negative_Speed() in C:\Users\james\source\repos\jamesphenry\UmbralEmpires\tests\UmbralEmpires.Tests\DataLoading\UnitDefinitionLoadingTests.cs:line 256
   at System.RuntimeMethodHandle.InvokeMethod(Object target, Void** arguments, Signature sig, Boolean isConstructor)
   at System.Reflection.MethodBaseInvoker.InvokeWithNoArgs(Object obj, BindingFlags invokeAttr)
  Failed UmbralEmpires.Tests.DataLoading.UnitDefinitionLoadingTests.Should_Skip_Unit_With_Negative_Attack [3 ms]
  Error Message:
   Expected result.Units to be a collection with 1 item(s), but found an empty collection.

With configuration:
- Prefer the declared type of the members
- Compare enums by value
- Compare tuples by their properties
- Compare anonymous types by their properties
- Compare records by their members
- Include non-browsable members
- Include all non-private properties
- Include all non-private fields
- Match member by name (or throw)
- Always be strict about the collection order
- Without automatic conversion.

  Stack Trace:
     at FluentAssertions.Execution.LateBoundTestFramework.Throw(String message)
   at FluentAssertions.Execution.CollectingAssertionStrategy.ThrowIfAny(IDictionary`2 context)
   at FluentAssertions.Execution.AssertionScope.Dispose()
   at FluentAssertions.Equivalency.EquivalencyValidator.AssertEquality(Comparands comparands, EquivalencyValidationContext context)
   at FluentAssertions.Equivalency.EquivalencyValidator.AssertEquality(Comparands comparands, EquivalencyValidationContext context)
   at FluentAssertions.Collections.GenericCollectionAssertions`3.BeEquivalentTo[TExpectation](IEnumerable`1 expectation, Func`2 config, String because, Object[] becauseArgs)
   at UmbralEmpires.Tests.DataLoading.UnitDefinitionLoadingTests.Should_Skip_Unit_With_Negative_Attack() in C:\Users\james\source\repos\jamesphenry\UmbralEmpires\tests\UmbralEmpires.Tests\DataLoading\UnitDefinitionLoadingTests.cs:line 156
   at System.RuntimeMethodHandle.InvokeMethod(Object target, Void** arguments, Signature sig, Boolean isConstructor)
   at System.Reflection.MethodBaseInvoker.InvokeWithNoArgs(Object obj, BindingFlags invokeAttr)
  Failed UmbralEmpires.Tests.DataLoading.UnitDefinitionLoadingTests.Should_Skip_Unit_With_Missing_DriveType [1 ms]
  Error Message:
   Expected result.Units to be a collection with 1 item(s), but found an empty collection.

With configuration:
- Prefer the declared type of the members
- Compare enums by value
- Compare tuples by their properties
- Compare anonymous types by their properties
- Compare records by their members
- Include non-browsable members
- Include all non-private properties
- Include all non-private fields
- Match member by name (or throw)
- Always be strict about the collection order
- Without automatic conversion.

  Stack Trace:
     at FluentAssertions.Execution.LateBoundTestFramework.Throw(String message)
   at FluentAssertions.Execution.CollectingAssertionStrategy.ThrowIfAny(IDictionary`2 context)
   at FluentAssertions.Execution.AssertionScope.Dispose()
   at FluentAssertions.Equivalency.EquivalencyValidator.AssertEquality(Comparands comparands, EquivalencyValidationContext context)
   at FluentAssertions.Equivalency.EquivalencyValidator.AssertEquality(Comparands comparands, EquivalencyValidationContext context)
   at FluentAssertions.Collections.GenericCollectionAssertions`3.BeEquivalentTo[TExpectation](IEnumerable`1 expectation, Func`2 config, String because, Object[] becauseArgs)
   at UmbralEmpires.Tests.DataLoading.UnitDefinitionLoadingTests.Should_Skip_Unit_With_Missing_DriveType() in C:\Users\james\source\repos\jamesphenry\UmbralEmpires\tests\UmbralEmpires.Tests\DataLoading\UnitDefinitionLoadingTests.cs:line 419
   at System.RuntimeMethodHandle.InvokeMethod(Object target, Void** arguments, Signature sig, Boolean isConstructor)
   at System.Reflection.MethodBaseInvoker.InvokeWithNoArgs(Object obj, BindingFlags invokeAttr)
  Failed UmbralEmpires.Tests.DataLoading.UnitDefinitionLoadingTests.Should_Skip_Unit_With_Negative_RequiredShipyard_BaseLevel [1 ms]
  Error Message:
   Expected result.Units to be a collection with 1 item(s), but found an empty collection.

With configuration:
- Prefer the declared type of the members
- Compare enums by value
- Compare tuples by their properties
- Compare anonymous types by their properties
- Compare records by their members
- Include non-browsable members
- Include all non-private properties
- Include all non-private fields
- Match member by name (or throw)
- Always be strict about the collection order
- Without automatic conversion.

  Stack Trace:
     at FluentAssertions.Execution.LateBoundTestFramework.Throw(String message)
   at FluentAssertions.Execution.CollectingAssertionStrategy.ThrowIfAny(IDictionary`2 context)
   at FluentAssertions.Execution.AssertionScope.Dispose()
   at FluentAssertions.Equivalency.EquivalencyValidator.AssertEquality(Comparands comparands, EquivalencyValidationContext context)
   at FluentAssertions.Equivalency.EquivalencyValidator.AssertEquality(Comparands comparands, EquivalencyValidationContext context)
   at FluentAssertions.Collections.GenericCollectionAssertions`3.BeEquivalentTo[TExpectation](IEnumerable`1 expectation, Func`2 config, String because, Object[] becauseArgs)
   at UmbralEmpires.Tests.DataLoading.UnitDefinitionLoadingTests.Should_Skip_Unit_With_Negative_RequiredShipyard_BaseLevel() in C:\Users\james\source\repos\jamesphenry\UmbralEmpires\tests\UmbralEmpires.Tests\DataLoading\UnitDefinitionLoadingTests.cs:line 283
   at System.RuntimeMethodHandle.InvokeMethod(Object target, Void** arguments, Signature sig, Boolean isConstructor)
   at System.Reflection.MethodBaseInvoker.InvokeWithNoArgs(Object obj, BindingFlags invokeAttr)
  Failed UmbralEmpires.Tests.DataLoading.UnitDefinitionLoadingTests.Should_Skip_Unit_With_Missing_Name [< 1 ms]
  Error Message:
   Expected result.Units to be a collection with 1 item(s), but found an empty collection.

With configuration:
- Prefer the declared type of the members
- Compare enums by value
- Compare tuples by their properties
- Compare anonymous types by their properties
- Compare records by their members
- Include non-browsable members
- Include all non-private properties
- Include all non-private fields
- Match member by name (or throw)
- Always be strict about the collection order
- Without automatic conversion.

  Stack Trace:
     at FluentAssertions.Execution.LateBoundTestFramework.Throw(String message)
   at FluentAssertions.Execution.CollectingAssertionStrategy.ThrowIfAny(IDictionary`2 context)
   at FluentAssertions.Execution.AssertionScope.Dispose()
   at FluentAssertions.Equivalency.EquivalencyValidator.AssertEquality(Comparands comparands, EquivalencyValidationContext context)
   at FluentAssertions.Equivalency.EquivalencyValidator.AssertEquality(Comparands comparands, EquivalencyValidationContext context)
   at FluentAssertions.Collections.GenericCollectionAssertions`3.BeEquivalentTo[TExpectation](IEnumerable`1 expectation, Func`2 config, String because, Object[] becauseArgs)
   at UmbralEmpires.Tests.DataLoading.UnitDefinitionLoadingTests.Should_Skip_Unit_With_Missing_Name() in C:\Users\james\source\repos\jamesphenry\UmbralEmpires\tests\UmbralEmpires.Tests\DataLoading\UnitDefinitionLoadingTests.cs:line 131
   at System.RuntimeMethodHandle.InvokeMethod(Object target, Void** arguments, Signature sig, Boolean isConstructor)
   at System.Reflection.MethodBaseInvoker.InvokeWithNoArgs(Object obj, BindingFlags invokeAttr)
  Failed UmbralEmpires.Tests.DataLoading.UnitDefinitionLoadingTests.Should_Skip_Unit_With_Missing_Id [< 1 ms]
  Error Message:
   Expected result.Units to be a collection with 1 item(s), but found an empty collection.

With configuration:
- Prefer the declared type of the members
- Compare enums by value
- Compare tuples by their properties
- Compare anonymous types by their properties
- Compare records by their members
- Include non-browsable members
- Include all non-private properties
- Include all non-private fields
- Match member by name (or throw)
- Always be strict about the collection order
- Without automatic conversion.

  Stack Trace:
     at FluentAssertions.Execution.LateBoundTestFramework.Throw(String message)
   at FluentAssertions.Execution.CollectingAssertionStrategy.ThrowIfAny(IDictionary`2 context)
   at FluentAssertions.Execution.AssertionScope.Dispose()
   at FluentAssertions.Equivalency.EquivalencyValidator.AssertEquality(Comparands comparands, EquivalencyValidationContext context)
   at FluentAssertions.Equivalency.EquivalencyValidator.AssertEquality(Comparands comparands, EquivalencyValidationContext context)
   at FluentAssertions.Collections.GenericCollectionAssertions`3.BeEquivalentTo[TExpectation](IEnumerable`1 expectation, Func`2 config, String because, Object[] becauseArgs)
   at UmbralEmpires.Tests.DataLoading.UnitDefinitionLoadingTests.Should_Skip_Unit_With_Missing_Id() in C:\Users\james\source\repos\jamesphenry\UmbralEmpires\tests\UmbralEmpires.Tests\DataLoading\UnitDefinitionLoadingTests.cs:line 107
   at System.RuntimeMethodHandle.InvokeMethod(Object target, Void** arguments, Signature sig, Boolean isConstructor)
   at System.Reflection.MethodBaseInvoker.InvokeWithNoArgs(Object obj, BindingFlags invokeAttr)
  Failed UmbralEmpires.Tests.DataLoading.UnitDefinitionLoadingTests.Should_Skip_Unit_With_Negative_Cost [< 1 ms]
  Error Message:
   Expected result.Units to be a collection with 1 item(s), but found an empty collection.

With configuration:
- Prefer the declared type of the members
- Compare enums by value
- Compare tuples by their properties
- Compare anonymous types by their properties
- Compare records by their members
- Include non-browsable members
- Include all non-private properties
- Include all non-private fields
- Match member by name (or throw)
- Be strict about the order of items in byte arrays
- Without automatic conversion.

  Stack Trace:
     at FluentAssertions.Execution.LateBoundTestFramework.Throw(String message)
   at FluentAssertions.Execution.CollectingAssertionStrategy.ThrowIfAny(IDictionary`2 context)
   at FluentAssertions.Execution.AssertionScope.Dispose()
   at FluentAssertions.Equivalency.EquivalencyValidator.AssertEquality(Comparands comparands, EquivalencyValidationContext context)
   at FluentAssertions.Equivalency.EquivalencyValidator.AssertEquality(Comparands comparands, EquivalencyValidationContext context)
   at FluentAssertions.Collections.GenericCollectionAssertions`3.BeEquivalentTo[TExpectation](IEnumerable`1 expectation, Func`2 config, String because, Object[] becauseArgs)
   at FluentAssertions.Collections.GenericCollectionAssertions`3.BeEquivalentTo[TExpectation](IEnumerable`1 expectation, String because, Object[] becauseArgs)
   at UmbralEmpires.Tests.DataLoading.UnitDefinitionLoadingTests.Should_Skip_Unit_With_Negative_Cost() in C:\Users\james\source\repos\jamesphenry\UmbralEmpires\tests\UmbralEmpires.Tests\DataLoading\UnitDefinitionLoadingTests.cs:line 80
   at System.RuntimeMethodHandle.InvokeMethod(Object target, Void** arguments, Signature sig, Boolean isConstructor)
   at System.Reflection.MethodBaseInvoker.InvokeWithNoArgs(Object obj, BindingFlags invokeAttr)
  Failed UmbralEmpires.Tests.DataLoading.UnitDefinitionLoadingTests.Should_Skip_Unit_With_Negative_Shield [1 ms]
  Error Message:
   Expected result.Units to be a collection with 1 item(s), but found an empty collection.

With configuration:
- Prefer the declared type of the members
- Compare enums by value
- Compare tuples by their properties
- Compare anonymous types by their properties
- Compare records by their members
- Include non-browsable members
- Include all non-private properties
- Include all non-private fields
- Match member by name (or throw)
- Always be strict about the collection order
- Without automatic conversion.

  Stack Trace:
     at FluentAssertions.Execution.LateBoundTestFramework.Throw(String message)
   at FluentAssertions.Execution.CollectingAssertionStrategy.ThrowIfAny(IDictionary`2 context)
   at FluentAssertions.Execution.AssertionScope.Dispose()
   at FluentAssertions.Equivalency.EquivalencyValidator.AssertEquality(Comparands comparands, EquivalencyValidationContext context)
   at FluentAssertions.Equivalency.EquivalencyValidator.AssertEquality(Comparands comparands, EquivalencyValidationContext context)
   at FluentAssertions.Collections.GenericCollectionAssertions`3.BeEquivalentTo[TExpectation](IEnumerable`1 expectation, Func`2 config, String because, Object[] becauseArgs)
   at UmbralEmpires.Tests.DataLoading.UnitDefinitionLoadingTests.Should_Skip_Unit_With_Negative_Shield() in C:\Users\james\source\repos\jamesphenry\UmbralEmpires\tests\UmbralEmpires.Tests\DataLoading\UnitDefinitionLoadingTests.cs:line 206
   at System.RuntimeMethodHandle.InvokeMethod(Object target, Void** arguments, Signature sig, Boolean isConstructor)
   at System.Reflection.MethodBaseInvoker.InvokeWithNoArgs(Object obj, BindingFlags invokeAttr)
  Failed UmbralEmpires.Tests.DataLoading.UnitDefinitionLoadingTests.Should_Load_Single_Simple_Unit [1 ms]
  Error Message:
   Expected resultList to contain a single item, but the collection is empty.
  Stack Trace:
     at FluentAssertions.Execution.LateBoundTestFramework.Throw(String message)
   at FluentAssertions.Execution.DefaultAssertionStrategy.HandleFailure(String message)
   at FluentAssertions.Execution.AssertionScope.AddPreFormattedFailure(String formattedFailureMessage)
   at FluentAssertions.Execution.AssertionChain.FailWith(Func`1 getFailureReason)
   at FluentAssertions.Execution.AssertionChain.FailWith(Func`1 getFailureReason)
   at FluentAssertions.Execution.AssertionChain.FailWith(String message)
   at FluentAssertions.Collections.GenericCollectionAssertions`3.ContainSingle(String because, Object[] becauseArgs)
   at UmbralEmpires.Tests.Helpers.TestHelpers.TestSingleDefinitionProperty[TDefinition](IDefinitionLoader loader, BaseModDefinitionsBuilder builder, TDefinition expectedDefinition, Func`2 builderSetup, Func`2 listSelector) in C:\Users\james\source\repos\jamesphenry\UmbralEmpires\tests\UmbralEmpires.Tests\Helpers\HelperFunctions.cs:line 34
   at UmbralEmpires.Tests.DataLoading.UnitDefinitionLoadingTests.Should_Load_Single_Simple_Unit() in C:\Users\james\source\repos\jamesphenry\UmbralEmpires\tests\UmbralEmpires.Tests\DataLoading\UnitDefinitionLoadingTests.cs:line 44
   at System.RuntimeMethodHandle.InvokeMethod(Object target, Void** arguments, Signature sig, Boolean isConstructor)
   at System.Reflection.MethodBaseInvoker.InvokeWithNoArgs(Object obj, BindingFlags invokeAttr)

[xUnit.net 00:00:00.18]     
UmbralEmpires.Tests.DataLoading.UnitDefinitionLoadingTests.Should_Skip_Unit_With_Invalid_RequiredTechnology_TechId 
[FAIL]
[xUnit.net 00:00:00.18]     
UmbralEmpires.Tests.DataLoading.UnitDefinitionLoadingTests.Should_Skip_Unit_With_Negative_Speed [FAIL]
[xUnit.net 00:00:00.19]     
UmbralEmpires.Tests.DataLoading.UnitDefinitionLoadingTests.Should_Skip_Unit_With_Negative_Attack [FAIL]
[xUnit.net 00:00:00.19]     
UmbralEmpires.Tests.DataLoading.UnitDefinitionLoadingTests.Should_Skip_Unit_With_Missing_DriveType [FAIL]
[xUnit.net 00:00:00.19]     
UmbralEmpires.Tests.DataLoading.UnitDefinitionLoadingTests.Should_Skip_Unit_With_Negative_RequiredShipyard_BaseLevel 
[FAIL]
[xUnit.net 00:00:00.20]     
UmbralEmpires.Tests.DataLoading.UnitDefinitionLoadingTests.Should_Skip_Unit_With_Missing_Name [FAIL]
[xUnit.net 00:00:00.20]     
UmbralEmpires.Tests.DataLoading.UnitDefinitionLoadingTests.Should_Skip_Unit_With_Missing_Id [FAIL]
[xUnit.net 00:00:00.20]     
UmbralEmpires.Tests.DataLoading.UnitDefinitionLoadingTests.Should_Skip_Unit_With_Negative_Cost [FAIL]
[xUnit.net 00:00:00.20]     
UmbralEmpires.Tests.DataLoading.UnitDefinitionLoadingTests.Should_Skip_Unit_With_Negative_Shield [FAIL]
[xUnit.net 00:00:00.20]     UmbralEmpires.Tests.DataLoading.UnitDefinitionLoadingTests.Should_Load_Single_Simple_Unit 
[FAIL]
Failed!  - Failed:    18, Passed:    36, Skipped:     0, Total:    54, Duration: 107 ms - UmbralEmpires.Tests.dll (net9.0)
